.\mvnw.cmd : WARNING: A 
restricted method in 
java.lang.System has been called
At line:1 char:50
+ ... ram Files\Java\jdk-24'; 
.\mvnw.cmd clean compile -q > 
errors.txt 2>&1
+                             ~~
~~~~~~~~~~~~~~~~~~~~~~~~~~~~~~~~
~~~~~~~~~~~
    + CategoryInfo          : N 
   otSpecified: (WARNING: A re  
  st...has been called:String   
 ) [], RemoteException
    + FullyQualifiedErrorId : N 
   ativeCommandError
 
WARNING: java.lang.System::load 
has been called by org.fusesourc
e.jansi.internal.JansiLoader in 
an unnamed module (file:/C:/User
s/komat/.m2/wrapper/dists/apache
-maven-3.9.6-bin/3311e1d4/apache
-maven-3.9.6/lib/jansi-2.4.0.jar
)
WARNING: Use --enable-native-acc
ess=ALL-UNNAMED to avoid a 
warning for callers in this 
module
WARNING: Restricted methods 
will be blocked in a future 
release unless native access is 
enabled

WARNING: A terminally 
deprecated method in 
sun.misc.Unsafe has been called
WARNING: sun.misc.Unsafe::object
FieldOffset has been called by c
om.google.common.util.concurrent
.AbstractFuture$UnsafeAtomicHelp
er (file:/C:/Users/komat/.m2/wra
pper/dists/apache-maven-3.9.6-bi
n/3311e1d4/apache-maven-3.9.6/li
b/guava-32.0.1-jre.jar)
WARNING: Please consider 
reporting this to the 
maintainers of class com.google.
common.util.concurrent.AbstractF
uture$UnsafeAtomicHelper
WARNING: sun.misc.Unsafe::object
FieldOffset will be removed in 
a future release
[ERROR] Failed to execute goal org.apache.maven.plugins:maven-compiler-plugin:3.13.0:compile (default-compile) on project recruitsmart-crm: Fatal error compiling: java.lang.ExceptionInInitializerError: com.sun.tools.javac.code.TypeTag :: UNKNOWN -> [Help 1]
[ERROR] 
[ERROR] To see the full stack trace of the errors, re-run Maven with the -e switch.
[ERROR] Re-run Maven using the -X switch to enable full debug logging.
[ERROR] 
[ERROR] For more information about the errors and possible solutions, please read the following articles:
[ERROR] [Help 1] http://cwiki.apache.org/confluence/display/MAVEN/MojoExecutionException
